Circuit: * C:\Users\evan6\AppData\Local\LTspice\lib\sym\ESM\Inductors\Draft1.asc

WARNING: Node NC_02 is floating.
WARNING: Node NC_04 is floating.
WARNING: Node NC_06 is floating.

WARNING: Less than two connections to node nc_01.  This node is used by d2.
WARNING: Less than two connections to node nc_02.  This node is used by d2.
WARNING: Less than two connections to node nc_03.  This node is used by d3.
WARNING: Less than two connections to node nc_04.  This node is used by d3.
WARNING: Less than two connections to node nc_05.  This node is used by d4.
WARNING: Less than two connections to node nc_06.  This node is used by d4.
Direct Newton iteration for .op point succeeded.

Date: Fri Aug  4 18:54:57 2023
Total elapsed time: 0.095 seconds.

tnom = 27
temp = 27
method = modified trap
totiter = 2113
traniter = 2082
tranpoints = 1042
accept = 1042
rejected = 0
matrix size = 11
fillins = 0
solver = Alternate
Avg thread counts: 5.2/9.5/9.5/5.2
Matrix Compiler1: 532 bytes object code size  0.1/0.1/[0.1]
Matrix Compiler2: off  [0.1]/0.2/0.1

